
!!!!!!!!!!!!!!!!!!!!!!!!!!!!!!!!!!!!!!!!!!!!!!!!!!!!!!!!!!!
WARNING: Host ('192.168.50.140') is != '127.0.0.1'
         Never expose the RPC server to an open network!
         This is an experimental feature and is not secure!
!!!!!!!!!!!!!!!!!!!!!!!!!!!!!!!!!!!!!!!!!!!!!!!!!!!!!!!!!!!

Starting RPC server v7.0.0
  endpoint       : 192.168.50.140:50052
  local cache    : n/a
Devices:
  CPU: CPU (1939 MiB, 1939 MiB free)
  transport      : TCP
Accepted client connection
[hello] version: 7.0.0
recv returned 0 (peer closed?)
Client connection closed
[~impl] closing socket 4
Accepted client connection
[hello] version: 7.0.0
[get_device_memory] device: 0, free_mem: 2034073600, total_mem: 2034073600
recv returned 0 (peer closed?)
Client connection closed
[~impl] closing socket 4
Accepted client connection
[hello] version: 7.0.0
[get_device_memory] device: 0, free_mem: 2034073600, total_mem: 2034073600
recv returned 0 (peer closed?)
Client connection closed
[~impl] closing socket 4
Accepted client connection
[hello] version: 7.0.0
[get_alignment] device: 0, alignment: 32
[get_max_size] device: 0, max_size: 18446744073709551615
recv returned 0 (peer closed?)
Client connection closed
[~impl] closing socket 4
Accepted client connection
[hello] version: 7.0.0
[get_device_memory] device: 0, free_mem: 2034073600, total_mem: 2034073600
recv returned 0 (peer closed?)
Client connection closed
[~impl] closing socket 4
Accepted client connection
[hello] version: 7.0.0
[get_device_memory] device: 0, free_mem: 2034073600, total_mem: 2034073600
recv returned 0 (peer closed?)
Client connection closed
[~impl] closing socket 4
Accepted client connection
[hello] version: 7.0.0
[get_alloc_size] device: 0, buffer: (nil), data: (nil)
[get_alloc_size] device: 0, buffer: (nil), data: (nil)
[get_alloc_size] device: 0, buffer: (nil), data: (nil)
[get_alloc_size] device: 0, buffer: (nil), data: (nil)
[get_alloc_size] device: 0, buffer: (nil), data: (nil)
[get_alloc_size] device: 0, buffer: (nil), data: (nil)
[get_alloc_size] device: 0, buffer: (nil), data: (nil)
[get_alloc_size] device: 0, buffer: (nil), data: (nil)
[get_alloc_size] device: 0, buffer: (nil), data: (nil)
[get_device_memory] device: 0, free_mem: 2034073600, total_mem: 2034073600
[get_device_memory] device: 0, free_mem: 2034073600, total_mem: 2034073600
recv returned 0 (peer closed?)
Client connection closed
[~impl] closing socket 4
Accepted client connection
[hello] version: 7.0.0
[get_device_memory] device: 0, free_mem: 2034073600, total_mem: 2034073600
recv returned 0 (peer closed?)
Client connection closed
[~impl] closing socket 4
Accepted client connection
[hello] version: 7.0.0
[get_device_memory] device: 0, free_mem: 2034073600, total_mem: 2034073600
recv returned 0 (peer closed?)
Client connection closed
[~impl] closing socket 4
Accepted client connection
[hello] version: 7.0.0
[get_device_memory] device: 0, free_mem: 2034073600, total_mem: 2034073600
recv returned 0 (peer closed?)
Client connection closed
[~impl] closing socket 4
Accepted client connection
[hello] version: 7.0.0
[get_device_memory] device: 0, free_mem: 2034073600, total_mem: 2034073600
[get_device_memory] device: 0, free_mem: 2034073600, total_mem: 2034073600
recv returned 0 (peer closed?)
Client connection closed
[~impl] closing socket 4
Accepted client connection
[hello] version: 7.0.0
[get_device_memory] device: 0, free_mem: 2034073600, total_mem: 2034073600
recv returned 0 (peer closed?)
Client connection closed
[~impl] closing socket 4
Accepted client connection
[hello] version: 7.0.0
[get_device_memory] device: 0, free_mem: 2034073600, total_mem: 2034073600
recv returned 0 (peer closed?)
Client connection closed
[~impl] closing socket 4
Accepted client connection
[hello] version: 7.0.0
[get_device_memory] device: 0, free_mem: 2034073600, total_mem: 2034073600
recv returned 0 (peer closed?)
Client connection closed
[~impl] closing socket 4
Accepted client connection
[hello] version: 7.0.0
[get_device_memory] device: 0, free_mem: 2034073600, total_mem: 2034073600
recv returned 0 (peer closed?)
Client connection closed
[~impl] closing socket 4
Accepted client connection
[hello] version: 7.0.0
[get_device_memory] device: 0, free_mem: 2034073600, total_mem: 2034073600
[get_device_memory] device: 0, free_mem: 2034073600, total_mem: 2034073600
recv returned 0 (peer closed?)
Client connection closed
[~impl] closing socket 4
Accepted client connection
[hello] version: 7.0.0
[get_device_memory] device: 0, free_mem: 2034073600, total_mem: 2034073600
recv returned 0 (peer closed?)
Client connection closed
[~impl] closing socket 4
Accepted client connection
[hello] version: 7.0.0
[get_device_memory] device: 0, free_mem: 2034073600, total_mem: 2034073600
recv returned 0 (peer closed?)
Client connection closed
[~impl] closing socket 4
Accepted client connection
[hello] version: 7.0.0
[get_device_memory] device: 0, free_mem: 2034073600, total_mem: 2034073600
recv returned 0 (peer closed?)
Client connection closed
[~impl] closing socket 4
Accepted client connection
[hello] version: 7.0.0
[get_device_memory] device: 0, free_mem: 2034073600, total_mem: 2034073600
recv returned 0 (peer closed?)
Client connection closed
[~impl] closing socket 4
Accepted client connection
[hello] version: 7.0.0
[get_device_memory] device: 0, free_mem: 2034073600, total_mem: 2034073600
[get_device_memory] device: 0, free_mem: 2034073600, total_mem: 2034073600
recv returned 0 (peer closed?)
Client connection closed
[~impl] closing socket 4
Accepted client connection
[hello] version: 7.0.0
[get_device_memory] device: 0, free_mem: 2034073600, total_mem: 2034073600
recv returned 0 (peer closed?)
Client connection closed
[~impl] closing socket 4
Accepted client connection
[hello] version: 7.0.0
[get_device_memory] device: 0, free_mem: 2034073600, total_mem: 2034073600
recv returned 0 (peer closed?)
Client connection closed
[~impl] closing socket 4
Accepted client connection
[hello] version: 7.0.0
[get_device_memory] device: 0, free_mem: 2034073600, total_mem: 2034073600
recv returned 0 (peer closed?)
Client connection closed
[~impl] closing socket 4
Accepted client connection
[hello] version: 7.0.0
[get_device_memory] device: 0, free_mem: 2034073600, total_mem: 2034073600
recv returned 0 (peer closed?)
Client connection closed
[~impl] closing socket 4
Accepted client connection
[hello] version: 7.0.0
[get_device_memory] device: 0, free_mem: 2034073600, total_mem: 2034073600
[get_device_memory] device: 0, free_mem: 2034073600, total_mem: 2034073600
recv returned 0 (peer closed?)
Client connection closed
[~impl] closing socket 4
Accepted client connection
[hello] version: 7.0.0
[get_device_memory] device: 0, free_mem: 2034073600, total_mem: 2034073600
recv returned 0 (peer closed?)
Client connection closed
[~impl] closing socket 4
Accepted client connection
[hello] version: 7.0.0
[get_device_memory] device: 0, free_mem: 2034073600, total_mem: 2034073600
recv returned 0 (peer closed?)
Client connection closed
[~impl] closing socket 4
Accepted client connection
[hello] version: 7.0.0
[get_device_memory] device: 0, free_mem: 2034073600, total_mem: 2034073600
recv returned 0 (peer closed?)
Client connection closed
[~impl] closing socket 4
Accepted client connection
[hello] version: 7.0.0
[get_device_memory] device: 0, free_mem: 2034073600, total_mem: 2034073600
recv returned 0 (peer closed?)
Client connection closed
[~impl] closing socket 4
Accepted client connection
[hello] version: 7.0.0
[get_device_memory] device: 0, free_mem: 2034073600, total_mem: 2034073600
recv returned 0 (peer closed?)
Client connection closed
[~impl] closing socket 4
Accepted client connection
[hello] version: 7.0.0
[alloc_buffer] device: 0, size: 920316416 -> remote_ptr: 555c57bcd0, remote_size: 920316416
[buffer_get_base] remote_ptr: 555c57bcd0
[init_tensor] buffer: 0x555c57bcd0, data: 0x7f6aa78640
[init_tensor] buffer: 0x555c57bcd0, data: 0x7f6caf6640
[init_tensor] buffer: 0x555c57bcd0, data: 0x7f6eb74640
[init_tensor] buffer: 0x555c57bcd0, data: 0x7f70bf2640
[init_tensor] buffer: 0x555c57bcd0, data: 0x7f72c70640
[init_tensor] buffer: 0x555c57bcd0, data: 0x7f74ce1a40
[init_tensor] buffer: 0x555c57bcd0, data: 0x7f76b94a40
[init_tensor] buffer: 0x555c57bcd0, data: 0x7f78a54640
[init_tensor] buffer: 0x555c57bcd0, data: 0x7f7aac5a40
[init_tensor] buffer: 0x555c57bcd0, data: 0x7f7c978a40
[init_tensor] buffer: 0x555c57bcd0, data: 0x7f7e838640
[init_tensor] buffer: 0x555c57bcd0, data: 0x7f808a9a40
[init_tensor] buffer: 0x555c57bcd0, data: 0x7f8275ca40
[init_tensor] buffer: 0x555c57bcd0, data: 0x7f8461c640
[init_tensor] buffer: 0x555c57bcd0, data: 0x7f8668da40
[init_tensor] buffer: 0x555c57bcd0, data: 0x7f8854d640
[init_tensor] buffer: 0x555c57bcd0, data: 0x7f8a5bea40
[init_tensor] buffer: 0x555c57bcd0, data: 0x7f8c471a40
[init_tensor] buffer: 0x555c57bcd0, data: 0x7f8e331640
[init_tensor] buffer: 0x555c57bcd0, data: 0x7f903a2a40
[init_tensor] buffer: 0x555c57bcd0, data: 0x7f92255a40
[init_tensor] buffer: 0x555c57bcd0, data: 0x7f94115640
[set_tensor] buffer: 0x555c57bcd0, data: 0x7f5e731040, offset: 0, size: 6144
